
Segment List
------------

E:\TP\c5e4\c5e4.asm[2]   55-  189      E000 -     E058                 'rom'  [text]
E:\TP\c5e4\c5e4.asm[3]  190-  210      FFE0 -     FFFF                 'vectit'  [data]
E:\TP\c5e4\st7lite2.asm[1]   24-  177         0 -       50                 'periph'  [void]


Class List
----------

0 '        ram0'   byte from       80 to       7F (lim      17F) =  0% V
0 '       stack'   byte from      180 to      17F (lim      1FF) =  0% V
0 '         rom'   byte from     E000 to     E058 (lim     FFDF) =  1% C
0 '      vectit'   byte from     FFE0 to     FFFF (lim     FFFF) =100% S
0 '      periph'   byte from        0 to       50 (lim       7F) = 62% D



External Label list
-------------------

Symbol Name                       Value     Scope  Def(line)

ATCSR                                   0D  BYTE  E:\TP\c5e4\st7lite2.asm(56)
ATRH                                    10  BYTE  E:\TP\c5e4\st7lite2.asm(59)
ATRL                                    11  BYTE  E:\TP\c5e4\st7lite2.asm(60)
ATICRH                                  1F  BYTE  E:\TP\c5e4\st7lite2.asm(74)
ATICRL                                  20  BYTE  E:\TP\c5e4\st7lite2.asm(75)
ADCCSR                                  34  BYTE  E:\TP\c5e4\st7lite2.asm(112)
ADCDRH                                  35  BYTE  E:\TP\c5e4\st7lite2.asm(113)
ADCDRL                                  36  BYTE  E:\TP\c5e4\st7lite2.asm(114)
AWUPR                                   49  BYTE  E:\TP\c5e4\st7lite2.asm(161)
AWUCSR                                  4A  BYTE  E:\TP\c5e4\st7lite2.asm(162)

BREAKCR                                 22  BYTE  E:\TP\c5e4\st7lite2.asm(77)

CNTRH                                   0E  BYTE  E:\TP\c5e4\st7lite2.asm(57)
CNTRL                                   0F  BYTE  E:\TP\c5e4\st7lite2.asm(58)

DCR0H                                   17  BYTE  E:\TP\c5e4\st7lite2.asm(66)
DCR0L                                   18  BYTE  E:\TP\c5e4\st7lite2.asm(67)
DCR1H                                   19  BYTE  E:\TP\c5e4\st7lite2.asm(68)
DCR1L                                   1A  BYTE  E:\TP\c5e4\st7lite2.asm(69)
DCR2H                                   1B  BYTE  E:\TP\c5e4\st7lite2.asm(70)
DCR2L                                   1C  BYTE  E:\TP\c5e4\st7lite2.asm(71)
DCR3H                                   1D  BYTE  E:\TP\c5e4\st7lite2.asm(72)
DCR3L                                   1E  BYTE  E:\TP\c5e4\st7lite2.asm(73)
DCMCLK                                  40  BYTE  E:\TP\c5e4\st7lite2.asm(147)
DCMFA                                   41  BYTE  E:\TP\c5e4\st7lite2.asm(148)
DCMFD                                   42  BYTE  E:\TP\c5e4\st7lite2.asm(149)
DCMBD                                   43  BYTE  E:\TP\c5e4\st7lite2.asm(150)
DCMCR                                   44  BYTE  E:\TP\c5e4\st7lite2.asm(151)
DCMCSR                                  45  BYTE  E:\TP\c5e4\st7lite2.asm(152)
DMCR                                    4B  BYTE  E:\TP\c5e4\st7lite2.asm(168)
DMSR                                    4C  BYTE  E:\TP\c5e4\st7lite2.asm(169)
DMBK1H                                  4D  BYTE  E:\TP\c5e4\st7lite2.asm(170)
DMBK1L                                  4E  BYTE  E:\TP\c5e4\st7lite2.asm(171)
DMBK2H                                  4F  BYTE  E:\TP\c5e4\st7lite2.asm(172)
DMBK2L                                  50  BYTE  E:\TP\c5e4\st7lite2.asm(173)

EECSR                                   30  BYTE  E:\TP\c5e4\st7lite2.asm(98)
EICR                                    37  BYTE  E:\TP\c5e4\st7lite2.asm(120)
EISR                                    3C  BYTE  E:\TP\c5e4\st7lite2.asm(138)

FCSR                                    2F  BYTE  E:\TP\c5e4\st7lite2.asm(92)

LTCSR2                                  08  BYTE  E:\TP\c5e4\st7lite2.asm(46)
LTCARR                                  09  BYTE  E:\TP\c5e4\st7lite2.asm(47)
LTCNTR                                  0A  BYTE  E:\TP\c5e4\st7lite2.asm(48)
LTCSR1                                  0B  BYTE  E:\TP\c5e4\st7lite2.asm(49)
LTICR                                   0C  BYTE  E:\TP\c5e4\st7lite2.asm(50)

MCCSR                                   38  BYTE  E:\TP\c5e4\st7lite2.asm(126)

PADR                                    00  BYTE  E:\TP\c5e4\st7lite2.asm(31)
PADDR                                   01  BYTE  E:\TP\c5e4\st7lite2.asm(32)
PAOR                                    02  BYTE  E:\TP\c5e4\st7lite2.asm(33)
PBDR                                    03  BYTE  E:\TP\c5e4\st7lite2.asm(35)
PBDDR                                   04  BYTE  E:\TP\c5e4\st7lite2.asm(36)
PBOR                                    05  BYTE  E:\TP\c5e4\st7lite2.asm(37)
PWMCR                                   12  BYTE  E:\TP\c5e4\st7lite2.asm(61)
PWM0CSR                                 13  BYTE  E:\TP\c5e4\st7lite2.asm(62)
PWM1CSR                                 14  BYTE  E:\TP\c5e4\st7lite2.asm(63)
PWM2CSR                                 15  BYTE  E:\TP\c5e4\st7lite2.asm(64)
PWM3CSR                                 16  BYTE  E:\TP\c5e4\st7lite2.asm(65)

RCCR                                    39  BYTE  E:\TP\c5e4\st7lite2.asm(132)

SPIDR                                   31  BYTE  E:\TP\c5e4\st7lite2.asm(104)
SPICR                                   32  BYTE  E:\TP\c5e4\st7lite2.asm(105)
SPISR                                   33  BYTE  E:\TP\c5e4\st7lite2.asm(106)
SICSR                                   3A  BYTE  E:\TP\c5e4\st7lite2.asm(133)

TRANCR                                  21  BYTE  E:\TP\c5e4\st7lite2.asm(76)

WDGCR                                   2E  BYTE  E:\TP\c5e4\st7lite2.asm(86)


61 labels
